Creating test database for alias 'default'...
...
----------------------------------------------------------------------
Ran 3 tests in 0.666s

OK
Destroying test database for alias 'default'...
Found 3 test(s).
System check identified no issues (0 silenced).
